#
# There is insufficient memory for the Java Runtime Environment to continue.
# Native memory allocation (malloc) failed to allocate 1363136 bytes for Chunk::new
# Possible reasons:
#   The system is out of physical RAM or swap space
#   The process is running with CompressedOops enabled, and the Java Heap may be blocking the growth of the native heap
# Possible solutions:
#   Reduce memory load on the system
#   Increase physical memory or swap space
#   Check if swap backing store is full
#   Decrease Java heap size (-Xmx/-Xms)
#   Decrease number of Java threads
#   Decrease Java thread stack sizes (-Xss)
#   Set larger code cache with -XX:ReservedCodeCacheSize=
#   JVM is running with Zero Based Compressed Oops mode in which the Java heap is
#     placed in the first 32GB address space. The Java Heap base address is the
#     maximum limit for the native heap growth. Please use -XX:HeapBaseMinAddress
#     to set the Java Heap base and to place the Java Heap above 32GB virtual address.
# This output file may be truncated or incomplete.
#
#  Out of Memory Error (arena.cpp:189), pid=19956, tid=15868
#
# JRE version: OpenJDK Runtime Environment JBR-17.0.7+7-1000.6-nomod (17.0.7+7) (build 17.0.7+7-b1000.6)
# Java VM: OpenJDK 64-Bit Server VM JBR-17.0.7+7-1000.6-nomod (17.0.7+7-b1000.6, mixed mode, tiered, compressed oops, compressed class ptrs, g1 gc, windows-amd64)
# No core dump will be written. Minidumps are not enabled by default on client versions of Windows
#

---------------  S U M M A R Y ------------

Command Line: -javaagent:C:\Program Files\JetBrains\IntelliJ IDEA Community Edition 2023.1.4\lib\idea_rt.jar=55005:C:\Program Files\JetBrains\IntelliJ IDEA Community Edition 2023.1.4\bin -Dfile.encoding=UTF-8 com.mef.estage.EstageApplication

Host: 11th Gen Intel(R) Core(TM) i7-1195G7 @ 2.90GHz, 8 cores, 15G,  Windows 11 , 64 bit Build 22621 (10.0.22621.3958)
Time: Mon Aug 19 17:00:06 2024 Afr. centrale Ouest elapsed time: 28.011767 seconds (0d 0h 0m 28s)

---------------  T H R E A D  ---------------

Current thread (0x0000013c8c09f4a0):  JavaThread "C2 CompilerThread1" daemon [_thread_in_native, id=15868, stack(0x0000001b20600000,0x0000001b20700000)]


Current CompileTask:
C2:  28011 8873       4       org.springframework.beans.factory.support.AbstractBeanFactory::isTypeMatch (619 bytes)

Stack: [0x0000001b20600000,0x0000001b20700000]
Native frames: (J=compiled Java code, j=interpreted, Vv=VM code, C=native code)
V  [jvm.dll+0x683bfa]
V  [jvm.dll+0x8430a4]
V  [jvm.dll+0x8449be]
V  [jvm.dll+0x845023]
V  [jvm.dll+0x24ad2f]
V  [jvm.dll+0xac25c]
V  [jvm.dll+0xac82c]
V  [jvm.dll+0x36a187]
V  [jvm.dll+0x334821]
V  [jvm.dll+0x333cca]
V  [jvm.dll+0x21d251]
V  [jvm.dll+0x21c671]
V  [jvm.dll+0x1a605d]
V  [jvm.dll+0x22c148]
V  [jvm.dll+0x22a209]
V  [jvm.dll+0x7f858c]
V  [jvm.dll+0x7f2aea]
V  [jvm.dll+0x682a35]
C  [ucrtbase.dll+0x29333]
C  [KERNEL32.DLL+0x1257d]
C  [ntdll.dll+0x5af28]


---------------  P R O C E S S  ---------------

Threads class SMR info:
_java_thread_list=0x0000013c8c21bd30, length=37, elements={
0x0000013cff306850, 0x0000013cff307610, 0x0000013cff33de60, 0x0000013cff33ea10,
0x0000013cff33f7d0, 0x0000013cff33fd90, 0x0000013cff340730, 0x0000013cff35a270,
0x0000013cff35a870, 0x0000013cff489be0, 0x0000013cff995050, 0x0000013cffa15f80,
0x0000013c89e8d1b0, 0x0000013c89e8f360, 0x0000013c89e8e4f0, 0x0000013c89e8ee90,
0x0000013c89e8e9c0, 0x0000013c89e8d680, 0x0000013c89e8e020, 0x0000013c89e8db50,
0x0000013c89e90b70, 0x0000013c899fb290, 0x0000013c899fa420, 0x0000013c899fb760,
0x0000013c899fa8f0, 0x0000013c899fbc30, 0x0000013c899fc100, 0x0000013c899fcaa0,
0x0000013c899fcf70, 0x0000013c899fc5d0, 0x0000013c899fd440, 0x0000013c8c09f4a0,
0x0000013c8c0a08e0, 0x0000013c899f9f50, 0x0000013c899fadc0, 0x0000013c89e906a0,
0x0000013c8c040a60
}

Java Threads: ( => current thread )
  0x0000013cff306850 JavaThread "Reference Handler" daemon [_thread_blocked, id=23508, stack(0x0000001b1fc00000,0x0000001b1fd00000)]
  0x0000013cff307610 JavaThread "Finalizer" daemon [_thread_blocked, id=260, stack(0x0000001b1fd00000,0x0000001b1fe00000)]
  0x0000013cff33de60 JavaThread "Signal Dispatcher" daemon [_thread_blocked, id=23464, stack(0x0000001b1fe00000,0x0000001b1ff00000)]
  0x0000013cff33ea10 JavaThread "Attach Listener" daemon [_thread_blocked, id=15076, stack(0x0000001b1ff00000,0x0000001b20000000)]
  0x0000013cff33f7d0 JavaThread "Service Thread" daemon [_thread_blocked, id=24396, stack(0x0000001b20000000,0x0000001b20100000)]
  0x0000013cff33fd90 JavaThread "Monitor Deflation Thread" daemon [_thread_blocked, id=8948, stack(0x0000001b20100000,0x0000001b20200000)]
  0x0000013cff340730 JavaThread "C2 CompilerThread0" daemon [_thread_in_native, id=7756, stack(0x0000001b20200000,0x0000001b20300000)]
  0x0000013cff35a270 JavaThread "C1 CompilerThread0" daemon [_thread_blocked, id=9820, stack(0x0000001b20300000,0x0000001b20400000)]
  0x0000013cff35a870 JavaThread "Sweeper thread" daemon [_thread_blocked, id=4404, stack(0x0000001b20400000,0x0000001b20500000)]
  0x0000013cff489be0 JavaThread "Common-Cleaner" daemon [_thread_blocked, id=9364, stack(0x0000001b20500000,0x0000001b20600000)]
  0x0000013cff995050 JavaThread "Monitor Ctrl-Break" daemon [_thread_in_native, id=12216, stack(0x0000001b20700000,0x0000001b20800000)]
  0x0000013cffa15f80 JavaThread "Notification Thread" daemon [_thread_blocked, id=18332, stack(0x0000001b20800000,0x0000001b20900000)]
  0x0000013c89e8d1b0 JavaThread "HikariPool-1 housekeeper" daemon [_thread_blocked, id=24216, stack(0x0000001b21600000,0x0000001b21700000)]
  0x0000013c89e8f360 JavaThread "Catalina-utility-1" [_thread_blocked, id=17368, stack(0x0000001b21800000,0x0000001b21900000)]
  0x0000013c89e8e4f0 JavaThread "Catalina-utility-2" [_thread_blocked, id=9840, stack(0x0000001b21900000,0x0000001b21a00000)]
  0x0000013c89e8ee90 JavaThread "container-0" [_thread_blocked, id=9804, stack(0x0000001b21a00000,0x0000001b21b00000)]
  0x0000013c89e8e9c0 JavaThread "File Watcher" daemon [_thread_blocked, id=24184, stack(0x0000001b21b00000,0x0000001b21c00000)]
  0x0000013c89e8d680 JavaThread "Live Reload Server" daemon [_thread_in_native, id=15916, stack(0x0000001b21d00000,0x0000001b21e00000)]
  0x0000013c89e8e020 JavaThread "http-nio-8081-exec-1" daemon [_thread_blocked, id=7792, stack(0x0000001b21c00000,0x0000001b21d00000)]
  0x0000013c89e8db50 JavaThread "http-nio-8081-exec-2" daemon [_thread_blocked, id=6452, stack(0x0000001b21e00000,0x0000001b21f00000)]
  0x0000013c89e90b70 JavaThread "http-nio-8081-exec-3" daemon [_thread_blocked, id=14096, stack(0x0000001b21f00000,0x0000001b22000000)]
  0x0000013c899fb290 JavaThread "http-nio-8081-exec-4" daemon [_thread_blocked, id=24104, stack(0x0000001b22000000,0x0000001b22100000)]
  0x0000013c899fa420 JavaThread "http-nio-8081-exec-5" daemon [_thread_blocked, id=5432, stack(0x0000001b22100000,0x0000001b22200000)]
  0x0000013c899fb760 JavaThread "http-nio-8081-exec-6" daemon [_thread_blocked, id=8272, stack(0x0000001b22200000,0x0000001b22300000)]
  0x0000013c899fa8f0 JavaThread "http-nio-8081-exec-7" daemon [_thread_blocked, id=15172, stack(0x0000001b22300000,0x0000001b22400000)]
  0x0000013c899fbc30 JavaThread "http-nio-8081-exec-8" daemon [_thread_blocked, id=8448, stack(0x0000001b22400000,0x0000001b22500000)]
  0x0000013c899fc100 JavaThread "http-nio-8081-exec-9" daemon [_thread_blocked, id=12196, stack(0x0000001b22500000,0x0000001b22600000)]
  0x0000013c899fcaa0 JavaThread "http-nio-8081-exec-10" daemon [_thread_blocked, id=24392, stack(0x0000001b22600000,0x0000001b22700000)]
  0x0000013c899fcf70 JavaThread "http-nio-8081-Poller" daemon [_thread_in_native, id=8840, stack(0x0000001b22700000,0x0000001b22800000)]
  0x0000013c899fc5d0 JavaThread "http-nio-8081-Acceptor" daemon [_thread_in_native, id=17028, stack(0x0000001b22800000,0x0000001b22900000)]
  0x0000013c899fd440 JavaThread "DestroyJavaVM" [_thread_blocked, id=16040, stack(0x0000001b1f500000,0x0000001b1f600000)]
=>0x0000013c8c09f4a0 JavaThread "C2 CompilerThread1" daemon [_thread_in_native, id=15868, stack(0x0000001b20600000,0x0000001b20700000)]
  0x0000013c8c0a08e0 JavaThread "C2 CompilerThread2" daemon [_thread_in_native, id=12632, stack(0x0000001b20a00000,0x0000001b20b00000)]
  0x0000013c899f9f50 JavaThread "ForkJoinPool.commonPool-worker-1" daemon [_thread_blocked, id=12768, stack(0x0000001b20b00000,0x0000001b20c00000)]
  0x0000013c899fadc0 JavaThread "ForkJoinPool.commonPool-worker-2" daemon [_thread_blocked, id=22124, stack(0x0000001b21500000,0x0000001b21600000)]
  0x0000013c89e906a0 JavaThread "ForkJoinPool.commonPool-worker-3" daemon [_thread_blocked, id=11948, stack(0x0000001b21700000,0x0000001b21800000)]
  0x0000013c8c040a60 JavaThread "ForkJoinPool.commonPool-worker-4" daemon [_thread_blocked, id=21624, stack(0x0000001b22900000,0x0000001b22a00000)]

Other Threads:
  0x0000013cff147190 VMThread "VM Thread" [stack: 0x0000001b1fb00000,0x0000001b1fc00000] [id=21188]
  0x0000013ce2700890 WatcherThread [stack: 0x0000001b20900000,0x0000001b20a00000] [id=22148]
  0x0000013ce276bc70 GCTaskThread "GC Thread#0" [stack: 0x0000001b1f600000,0x0000001b1f700000] [id=22936]
  0x0000013c86454680 GCTaskThread "GC Thread#1" [stack: 0x0000001b20c00000,0x0000001b20d00000] [id=19964]
  0x0000013c86454930 GCTaskThread "GC Thread#2" [stack: 0x0000001b20d00000,0x0000001b20e00000] [id=21988]
  0x0000013c862cd820 GCTaskThread "GC Thread#3" [stack: 0x0000001b20e00000,0x0000001b20f00000] [id=8208]
  0x0000013c86270f10 GCTaskThread "GC Thread#4" [stack: 0x0000001b20f00000,0x0000001b21000000] [id=8176]
  0x0000013c864678a0 GCTaskThread "GC Thread#5" [stack: 0x0000001b21000000,0x0000001b21100000] [id=15668]
  0x0000013c869440a0 GCTaskThread "GC Thread#6" [stack: 0x0000001b21200000,0x0000001b21300000] [id=7668]
  0x0000013c86966130 GCTaskThread "GC Thread#7" [stack: 0x0000001b21300000,0x0000001b21400000] [id=21560]
  0x0000013ce277c630 ConcurrentGCThread "G1 Main Marker" [stack: 0x0000001b1f700000,0x0000001b1f800000] [id=9876]
  0x0000013ce277e050 ConcurrentGCThread "G1 Conc#0" [stack: 0x0000001b1f800000,0x0000001b1f900000] [id=22764]
  0x0000013c86aba960 ConcurrentGCThread "G1 Conc#1" [stack: 0x0000001b21400000,0x0000001b21500000] [id=19668]
  0x0000013cfeff8960 ConcurrentGCThread "G1 Refine#0" [stack: 0x0000001b1f900000,0x0000001b1fa00000] [id=17616]
  0x0000013cfeff9380 ConcurrentGCThread "G1 Service" [stack: 0x0000001b1fa00000,0x0000001b1fb00000] [id=19284]

Threads with active compile tasks:
C2 CompilerThread0    28082 8593       4       org.springframework.core.annotation.AnnotationsScanner::processMethodAnnotations (98 bytes)
C2 CompilerThread1    28082 8873       4       org.springframework.beans.factory.support.AbstractBeanFactory::isTypeMatch (619 bytes)
C2 CompilerThread2    28082 8492       4       com.fasterxml.jackson.databind.introspect.AnnotationIntrospectorPair::findNameForDeserialization (49 bytes)

VM state: not at safepoint (normal execution)

VM Mutex/Monitor currently owned by a thread: None

Heap address: 0x0000000705800000, size: 4008 MB, Compressed Oops mode: Zero based, Oop shift amount: 3

CDS archive(s) not mapped
Compressed class space mapped at: 0x0000000800000000-0x0000000840000000, reserved size: 1073741824
Narrow klass base: 0x0000000800000000, Narrow klass shift: 0, Narrow klass range: 0x40000000

GC Precious Log:
 CPUs: 8 total, 8 available
 Memory: 16026M
 Large Page Support: Disabled
 NUMA Support: Disabled
 Compressed Oops: Enabled (Zero based)
 Heap Region Size: 2M
 Heap Min Capacity: 8M
 Heap Initial Capacity: 252M
 Heap Max Capacity: 4008M
 Pre-touch: Disabled
 Parallel Workers: 8
 Concurrent Workers: 2
 Concurrent Refinement Workers: 8
 Periodic GC: Disabled

Heap:
 garbage-first heap   total 90112K, used 40517K [0x0000000705800000, 0x0000000800000000)
  region size 2048K, 4 young (8192K), 1 survivors (2048K)
 Metaspace       used 85367K, committed 85952K, reserved 1179648K
  class space    used 11499K, committed 11776K, reserved 1048576K

Heap Regions: E=young(eden), S=young(survivor), O=old, HS=humongous(starts), HC=humongous(continues), CS=collection set, F=free, OA=open archive, CA=closed archive, TAMS=top-at-mark-start (previous, next)
|   0|0x0000000705800000, 0x0000000705a00000, 0x0000000705a00000|100%| O|  |TAMS 0x0000000705a00000, 0x0000000705800000| Untracked 
|   1|0x0000000705a00000, 0x0000000705c00000, 0x0000000705c00000|100%| O|  |TAMS 0x0000000705c00000, 0x0000000705a00000| Untracked 
|   2|0x0000000705c00000, 0x0000000705e00000, 0x0000000705e00000|100%| O|  |TAMS 0x0000000705e00000, 0x0000000705c00000| Untracked 
|   3|0x0000000705e00000, 0x0000000706000000, 0x0000000706000000|100%| O|  |TAMS 0x0000000706000000, 0x0000000705e00000| Untracked 
|   4|0x0000000706000000, 0x0000000706200000, 0x0000000706200000|100%| O|  |TAMS 0x0000000706200000, 0x0000000706000000| Untracked 
|   5|0x0000000706200000, 0x0000000706400000, 0x0000000706400000|100%| O|  |TAMS 0x0000000706400000, 0x0000000706200000| Untracked 
|   6|0x0000000706400000, 0x0000000706600000, 0x0000000706600000|100%| O|  |TAMS 0x0000000706400000, 0x0000000706400000| Untracked 
|   7|0x0000000706600000, 0x0000000706800000, 0x0000000706800000|100%| O|  |TAMS 0x0000000706800000, 0x0000000706600000| Untracked 
|   8|0x0000000706800000, 0x0000000706a00000, 0x0000000706a00000|100%| O|  |TAMS 0x0000000706a00000, 0x0000000706800000| Untracked 
|   9|0x0000000706a00000, 0x0000000706c00000, 0x0000000706c00000|100%| O|  |TAMS 0x0000000706be8000, 0x0000000706a00000| Untracked 
|  10|0x0000000706c00000, 0x0000000706e00000, 0x0000000706e00000|100%| O|  |TAMS 0x0000000706c00000, 0x0000000706c00000| Untracked 
|  11|0x0000000706e00000, 0x0000000707000000, 0x0000000707000000|100%| O|  |TAMS 0x0000000706e00000, 0x0000000706e00000| Untracked 
|  12|0x0000000707000000, 0x0000000707200000, 0x0000000707200000|100%| O|  |TAMS 0x0000000707000000, 0x0000000707000000| Untracked 
|  13|0x0000000707200000, 0x0000000707400000, 0x0000000707400000|100%| O|  |TAMS 0x0000000707200000, 0x0000000707200000| Untracked 
|  14|0x0000000707400000, 0x0000000707600000, 0x0000000707600000|100%| O|  |TAMS 0x0000000707400000, 0x0000000707400000| Untracked 
|  15|0x0000000707600000, 0x0000000707800000, 0x0000000707800000|100%| O|  |TAMS 0x0000000707600000, 0x0000000707600000| Untracked 
|  16|0x0000000707800000, 0x000000070799c800, 0x0000000707a00000| 80%| O|  |TAMS 0x0000000707800000, 0x0000000707800000| Untracked 
|  17|0x0000000707a00000, 0x0000000707a00000, 0x0000000707c00000|  0%| F|  |TAMS 0x0000000707a00000, 0x0000000707a00000| Untracked 
|  18|0x0000000707c00000, 0x0000000707c00000, 0x0000000707e00000|  0%| F|  |TAMS 0x0000000707c00000, 0x0000000707c00000| Untracked 
|  19|0x0000000707e00000, 0x0000000707e00000, 0x0000000708000000|  0%| F|  |TAMS 0x0000000707e00000, 0x0000000707e00000| Untracked 
|  20|0x0000000708000000, 0x0000000708000000, 0x0000000708200000|  0%| F|  |TAMS 0x0000000708000000, 0x0000000708000000| Untracked 
|  21|0x0000000708200000, 0x0000000708200000, 0x0000000708400000|  0%| F|  |TAMS 0x0000000708200000, 0x0000000708200000| Untracked 
|  22|0x0000000708400000, 0x0000000708400000, 0x0000000708600000|  0%| F|  |TAMS 0x0000000708400000, 0x0000000708400000| Untracked 
|  23|0x0000000708600000, 0x0000000708600000, 0x0000000708800000|  0%| F|  |TAMS 0x0000000708600000, 0x0000000708600000| Untracked 
|  24|0x0000000708800000, 0x0000000708800000, 0x0000000708a00000|  0%| F|  |TAMS 0x0000000708800000, 0x0000000708800000| Untracked 
|  25|0x0000000708a00000, 0x0000000708a00000, 0x0000000708c00000|  0%| F|  |TAMS 0x0000000708a00000, 0x0000000708a00000| Untracked 
|  26|0x0000000708c00000, 0x0000000708df4f10, 0x0000000708e00000| 97%| S|CS|TAMS 0x0000000708c00000, 0x0000000708c00000| Complete 
|  27|0x0000000708e00000, 0x0000000708e00000, 0x0000000709000000|  0%| F|  |TAMS 0x0000000708e00000, 0x0000000708e00000| Untracked 
|  28|0x0000000709000000, 0x0000000709000000, 0x0000000709200000|  0%| F|  |TAMS 0x0000000709000000, 0x0000000709000000| Untracked 
|  29|0x0000000709200000, 0x0000000709200000, 0x0000000709400000|  0%| F|  |TAMS 0x0000000709200000, 0x0000000709200000| Untracked 
|  30|0x0000000709400000, 0x0000000709400000, 0x0000000709600000|  0%| F|  |TAMS 0x0000000709400000, 0x0000000709400000| Untracked 
|  31|0x0000000709600000, 0x0000000709600000, 0x0000000709800000|  0%| F|  |TAMS 0x0000000709600000, 0x0000000709600000| Untracked 
|  32|0x0000000709800000, 0x0000000709800000, 0x0000000709a00000|  0%| F|  |TAMS 0x0000000709800000, 0x0000000709800000| Untracked 
|  33|0x0000000709a00000, 0x0000000709a00000, 0x0000000709c00000|  0%| F|  |TAMS 0x0000000709a00000, 0x0000000709a00000| Untracked 
|  34|0x0000000709c00000, 0x0000000709c00000, 0x0000000709e00000|  0%| F|  |TAMS 0x0000000709c00000, 0x0000000709c00000| Untracked 
|  35|0x0000000709e00000, 0x0000000709e00000, 0x000000070a000000|  0%| F|  |TAMS 0x0000000709e00000, 0x0000000709e00000| Untracked 
|  36|0x000000070a000000, 0x000000070a000000, 0x000000070a200000|  0%| F|  |TAMS 0x000000070a000000, 0x000000070a000000| Untracked 
|  37|0x000000070a200000, 0x000000070a200000, 0x000000070a400000|  0%| F|  |TAMS 0x000000070a200000, 0x000000070a200000| Untracked 
|  38|0x000000070a400000, 0x000000070a400000, 0x000000070a600000|  0%| F|  |TAMS 0x000000070a400000, 0x000000070a400000| Untracked 
|  39|0x000000070a600000, 0x000000070a600000, 0x000000070a800000|  0%| F|  |TAMS 0x000000070a600000, 0x000000070a600000| Untracked 
|  57|0x000000070ca00000, 0x000000070ca00000, 0x000000070cc00000|  0%| F|  |TAMS 0x000000070ca00000, 0x000000070ca00000| Untracked 
|  58|0x000000070cc00000, 0x000000070cd0e850, 0x000000070ce00000| 52%| E|  |TAMS 0x000000070cc00000, 0x000000070cc00000| Complete 
|  59|0x000000070ce00000, 0x000000070d000000, 0x000000070d000000|100%| E|CS|TAMS 0x000000070ce00000, 0x000000070ce00000| Complete 
| 125|0x0000000715200000, 0x0000000715400000, 0x0000000715400000|100%| E|CS|TAMS 0x0000000715200000, 0x0000000715200000| Complete 

Card table byte_map: [0x0000013cf59c0000,0x0000013cf61a0000] _byte_map_base: 0x0000013cf2194000

Marking Bits (Prev, Next): (CMBitMap*) 0x0000013ce276c2c0, (CMBitMap*) 0x0000013ce276c280
 Prev Bits: [0x0000013cfa820000, 0x0000013cfe6c0000)
 Next Bits: [0x0000013cf6980000, 0x0000013cfa820000)

Polling page: 0x0000013ce06c0000

Metaspace:

Usage:
  Non-class:     72.14 MB used.
      Class:     11.23 MB used.
       Both:     83.37 MB used.

Virtual space:
  Non-class space:      128.00 MB reserved,      72.44 MB ( 57%) committed,  2 nodes.
      Class space:        1.00 GB reserved,      11.50 MB (  1%) committed,  1 nodes.
             Both:        1.12 GB reserved,      83.94 MB (  7%) committed. 

Chunk freelists:
   Non-Class:  7.52 MB
       Class:  4.42 MB
        Both:  11.94 MB

MaxMetaspaceSize: unlimited
CompressedClassSpaceSize: 1.00 GB
Initial GC threshold: 21.00 MB
Current GC threshold: 98.56 MB
CDS: off
MetaspaceReclaimPolicy: balanced
 - commit_granule_bytes: 65536.
 - commit_granule_words: 8192.
 - virtual_space_node_default_size: 8388608.
 - enlarge_chunks_in_place: 1.
 - new_chunks_are_fully_committed: 0.
 - uncommit_free_chunks: 1.
 - use_allocation_guard: 0.
 - handle_deallocations: 1.


Internal statistics:

num_allocs_failed_limit: 9.
num_arena_births: 894.
num_arena_deaths: 0.
num_vsnodes_births: 3.
num_vsnodes_deaths: 0.
num_space_committed: 1343.
num_space_uncommitted: 0.
num_chunks_returned_to_freelist: 9.
num_chunks_taken_from_freelist: 3772.
num_chunk_merges: 9.
num_chunk_splits: 2684.
num_chunks_enlarged: 2052.
num_inconsistent_stats: 0.

CodeHeap 'non-profiled nmethods': size=120000Kb used=5565Kb max_used=5565Kb free=114434Kb
 bounds [0x0000013ced980000, 0x0000013cedef0000, 0x0000013cf4eb0000]
CodeHeap 'profiled nmethods': size=120000Kb used=15595Kb max_used=15595Kb free=104404Kb
 bounds [0x0000013ce5eb0000, 0x0000013ce6df0000, 0x0000013ced3e0000]
CodeHeap 'non-nmethods': size=5760Kb used=1343Kb max_used=1416Kb free=4416Kb
 bounds [0x0000013ced3e0000, 0x0000013ced650000, 0x0000013ced980000]
 total_blobs=8679 nmethods=8018 adapters=571
 compilation: enabled
              stopped_count=0, restarted_count=0
 full_count=0

Compilation events (20 events):
Event: 27.844 Thread 0x0000013cff35a270 8868       1       com.fasterxml.jackson.databind.deser.std.UntypedObjectDeserializerNR$Scope::isObject (5 bytes)
Event: 27.844 Thread 0x0000013cff35a270 nmethod 8868 0x0000013cedebb790 code [0x0000013cedebb920, 0x0000013cedebb9f8]
Event: 27.844 Thread 0x0000013cff35a270 8853       2       io.swagger.v3.oas.models.media.Schema::<init> (227 bytes)
Event: 27.844 Thread 0x0000013cff35a270 nmethod 8853 0x0000013ce6de9a90 code [0x0000013ce6de9c80, 0x0000013ce6dea718]
Event: 27.844 Thread 0x0000013cff35a270 8877       1       java.util.concurrent.atomic.AtomicReference::set (6 bytes)
Event: 27.844 Thread 0x0000013cff35a270 nmethod 8877 0x0000013cedebba90 code [0x0000013cedebbc20, 0x0000013cedebbd38]
Event: 27.844 Thread 0x0000013cff35a270 8894       1       org.apache.catalina.connector.OutputBuffer::isSuspended (5 bytes)
Event: 27.844 Thread 0x0000013cff35a270 nmethod 8894 0x0000013cedebbd90 code [0x0000013cedebbf20, 0x0000013cedebbff8]
Event: 27.844 Thread 0x0000013cff35a270 8891       1       com.fasterxml.jackson.databind.AnnotationIntrospector::findFilterId (2 bytes)
Event: 27.844 Thread 0x0000013cff35a270 nmethod 8891 0x0000013cedebc090 code [0x0000013cedebc220, 0x0000013cedebc2f8]
Event: 27.844 Thread 0x0000013cff35a270 8890       1       com.fasterxml.jackson.databind.AnnotationIntrospector::findKeySerializer (2 bytes)
Event: 27.844 Thread 0x0000013cff35a270 nmethod 8890 0x0000013cedebc390 code [0x0000013cedebc520, 0x0000013cedebc5f8]
Event: 27.844 Thread 0x0000013cff35a270 8879       1       io.swagger.v3.oas.models.PathItem::getGet (5 bytes)
Event: 27.844 Thread 0x0000013cff35a270 nmethod 8879 0x0000013cedebc690 code [0x0000013cedebc820, 0x0000013cedebc8f8]
Event: 27.844 Thread 0x0000013cff35a270 8895       2       java.time.LocalTime::getLong (50 bytes)
Event: 27.845 Thread 0x0000013cff35a270 nmethod 8895 0x0000013ce6dea790 code [0x0000013ce6dea980, 0x0000013ce6deac18]
Event: 27.845 Thread 0x0000013cff35a270 8872       1       com.fasterxml.jackson.databind.AnnotationIntrospector::findContentDeserializer (2 bytes)
Event: 27.845 Thread 0x0000013cff35a270 nmethod 8872 0x0000013cedebc990 code [0x0000013cedebcb20, 0x0000013cedebcbf8]
Event: 27.921 Thread 0x0000013c8c09f4a0 nmethod 7841 0x0000013cedebcc90 code [0x0000013cedebd660, 0x0000013cedecc0b8]
Event: 27.921 Thread 0x0000013c8c09f4a0 8873       4       org.springframework.beans.factory.support.AbstractBeanFactory::isTypeMatch (619 bytes)

GC Heap History (20 events):
Event: 3.054 GC heap before
{Heap before GC invocations=12 (full 0):
 garbage-first heap   total 69632K, used 50954K [0x0000000705800000, 0x0000000800000000)
  region size 2048K, 16 young (32768K), 1 survivors (2048K)
 Metaspace       used 56661K, committed 57024K, reserved 1114112K
  class space    used 7274K, committed 7424K, reserved 1048576K
}
Event: 3.056 GC heap after
{Heap after GC invocations=13 (full 0):
 garbage-first heap   total 69632K, used 22292K [0x0000000705800000, 0x0000000800000000)
  region size 2048K, 2 young (4096K), 2 survivors (4096K)
 Metaspace       used 56661K, committed 57024K, reserved 1114112K
  class space    used 7274K, committed 7424K, reserved 1048576K
}
Event: 3.198 GC heap before
{Heap before GC invocations=13 (full 0):
 garbage-first heap   total 69632K, used 32532K [0x0000000705800000, 0x0000000800000000)
  region size 2048K, 8 young (16384K), 2 survivors (4096K)
 Metaspace       used 59857K, committed 60288K, reserved 1114112K
  class space    used 7744K, committed 8000K, reserved 1048576K
}
Event: 3.201 GC heap after
{Heap after GC invocations=14 (full 0):
 garbage-first heap   total 69632K, used 23102K [0x0000000705800000, 0x0000000800000000)
  region size 2048K, 1 young (2048K), 1 survivors (2048K)
 Metaspace       used 59857K, committed 60288K, reserved 1114112K
  class space    used 7744K, committed 8000K, reserved 1048576K
}
Event: 3.508 GC heap before
{Heap before GC invocations=15 (full 0):
 garbage-first heap   total 69632K, used 51774K [0x0000000705800000, 0x0000000800000000)
  region size 2048K, 15 young (30720K), 1 survivors (2048K)
 Metaspace       used 64356K, committed 64832K, reserved 1114112K
  class space    used 8576K, committed 8832K, reserved 1048576K
}
Event: 3.509 GC heap after
{Heap after GC invocations=16 (full 0):
 garbage-first heap   total 69632K, used 23940K [0x0000000705800000, 0x0000000800000000)
  region size 2048K, 1 young (2048K), 1 survivors (2048K)
 Metaspace       used 64356K, committed 64832K, reserved 1114112K
  class space    used 8576K, committed 8832K, reserved 1048576K
}
Event: 3.881 GC heap before
{Heap before GC invocations=16 (full 0):
 garbage-first heap   total 69632K, used 52612K [0x0000000705800000, 0x0000000800000000)
  region size 2048K, 15 young (30720K), 1 survivors (2048K)
 Metaspace       used 67837K, committed 68352K, reserved 1114112K
  class space    used 9023K, committed 9280K, reserved 1048576K
}
Event: 3.884 GC heap after
{Heap after GC invocations=17 (full 0):
 garbage-first heap   total 69632K, used 25374K [0x0000000705800000, 0x0000000800000000)
  region size 2048K, 2 young (4096K), 2 survivors (4096K)
 Metaspace       used 67837K, committed 68352K, reserved 1114112K
  class space    used 9023K, committed 9280K, reserved 1048576K
}
Event: 4.198 GC heap before
{Heap before GC invocations=17 (full 0):
 garbage-first heap   total 69632K, used 54046K [0x0000000705800000, 0x0000000800000000)
  region size 2048K, 16 young (32768K), 2 survivors (4096K)
 Metaspace       used 73136K, committed 73664K, reserved 1114112K
  class space    used 9861K, committed 10112K, reserved 1048576K
}
Event: 4.202 GC heap after
{Heap after GC invocations=18 (full 0):
 garbage-first heap   total 69632K, used 27661K [0x0000000705800000, 0x0000000800000000)
  region size 2048K, 2 young (4096K), 2 survivors (4096K)
 Metaspace       used 73136K, committed 73664K, reserved 1114112K
  class space    used 9861K, committed 10112K, reserved 1048576K
}
Event: 4.438 GC heap before
{Heap before GC invocations=18 (full 0):
 garbage-first heap   total 69632K, used 54285K [0x0000000705800000, 0x0000000800000000)
  region size 2048K, 15 young (30720K), 2 survivors (4096K)
 Metaspace       used 75089K, committed 75584K, reserved 1179648K
  class space    used 10124K, committed 10368K, reserved 1048576K
}
Event: 4.442 GC heap after
{Heap after GC invocations=19 (full 0):
 garbage-first heap   total 69632K, used 29304K [0x0000000705800000, 0x0000000800000000)
  region size 2048K, 1 young (2048K), 1 survivors (2048K)
 Metaspace       used 75089K, committed 75584K, reserved 1179648K
  class space    used 10124K, committed 10368K, reserved 1048576K
}
Event: 4.593 GC heap before
{Heap before GC invocations=19 (full 0):
 garbage-first heap   total 69632K, used 53880K [0x0000000705800000, 0x0000000800000000)
  region size 2048K, 13 young (26624K), 1 survivors (2048K)
 Metaspace       used 75896K, committed 76416K, reserved 1179648K
  class space    used 10275K, committed 10496K, reserved 1048576K
}
Event: 4.595 GC heap after
{Heap after GC invocations=20 (full 0):
 garbage-first heap   total 69632K, used 30055K [0x0000000705800000, 0x0000000800000000)
  region size 2048K, 2 young (4096K), 2 survivors (4096K)
 Metaspace       used 75896K, committed 76416K, reserved 1179648K
  class space    used 10275K, committed 10496K, reserved 1048576K
}
Event: 4.836 GC heap before
{Heap before GC invocations=20 (full 0):
 garbage-first heap   total 69632K, used 52583K [0x0000000705800000, 0x0000000800000000)
  region size 2048K, 13 young (26624K), 2 survivors (4096K)
 Metaspace       used 78134K, committed 78656K, reserved 1179648K
  class space    used 10593K, committed 10816K, reserved 1048576K
}
Event: 4.839 GC heap after
{Heap after GC invocations=21 (full 0):
 garbage-first heap   total 90112K, used 31618K [0x0000000705800000, 0x0000000800000000)
  region size 2048K, 2 young (4096K), 2 survivors (4096K)
 Metaspace       used 78134K, committed 78656K, reserved 1179648K
  class space    used 10593K, committed 10816K, reserved 1048576K
}
Event: 27.318 GC heap before
{Heap before GC invocations=21 (full 0):
 garbage-first heap   total 90112K, used 68482K [0x0000000705800000, 0x0000000800000000)
  region size 2048K, 20 young (40960K), 2 survivors (4096K)
 Metaspace       used 83607K, committed 84160K, reserved 1179648K
  class space    used 11277K, committed 11520K, reserved 1048576K
}
Event: 27.323 GC heap after
{Heap after GC invocations=22 (full 0):
 garbage-first heap   total 90112K, used 34660K [0x0000000705800000, 0x0000000800000000)
  region size 2048K, 3 young (6144K), 3 survivors (6144K)
 Metaspace       used 83607K, committed 84160K, reserved 1179648K
  class space    used 11277K, committed 11520K, reserved 1048576K
}
Event: 27.788 GC heap before
{Heap before GC invocations=22 (full 0):
 garbage-first heap   total 90112K, used 69476K [0x0000000705800000, 0x0000000800000000)
  region size 2048K, 20 young (40960K), 3 survivors (6144K)
 Metaspace       used 85163K, committed 85760K, reserved 1179648K
  class space    used 11485K, committed 11776K, reserved 1048576K
}
Event: 27.795 GC heap after
{Heap after GC invocations=23 (full 0):
 garbage-first heap   total 90112K, used 36421K [0x0000000705800000, 0x0000000800000000)
  region size 2048K, 1 young (2048K), 1 survivors (2048K)
 Metaspace       used 85163K, committed 85760K, reserved 1179648K
  class space    used 11485K, committed 11776K, reserved 1048576K
}

Dll operation events (4 events):
Event: 0.004 Loaded shared library C:\Users\hp\.jdks\jbr-17.0.7\bin\java.dll
Event: 0.021 Loaded shared library C:\Users\hp\.jdks\jbr-17.0.7\bin\jsvml.dll
Event: 0.104 Loaded shared library C:\Users\hp\.jdks\jbr-17.0.7\bin\zip.dll
Event: 0.644 Loaded shared library C:\Users\hp\.jdks\jbr-17.0.7\bin\verify.dll

Deoptimization events (20 events):
Event: 27.662 Thread 0x0000013c899fc100 DEOPT PACKING pc=0x0000013cedd0a908 sp=0x0000001b225fa910
Event: 27.662 Thread 0x0000013c899fc100 DEOPT UNPACKING pc=0x0000013ced43a1a3 sp=0x0000001b225fa848 mode 2
Event: 27.696 Thread 0x0000013c899fc100 Uncommon trap: trap_request=0xffffffc6 fr.pc=0x0000013cedc57b6c relative=0x000000000000038c
Event: 27.696 Thread 0x0000013c899fc100 Uncommon trap: reason=bimorphic_or_optimized_type_check action=maybe_recompile pc=0x0000013cedc57b6c method=java.util.HashMap.putVal(ILjava/lang/Object;Ljava/lang/Object;ZZ)Ljava/lang/Object; @ 253 c2
Event: 27.696 Thread 0x0000013c899fc100 DEOPT PACKING pc=0x0000013cedc57b6c sp=0x0000001b225fafb0
Event: 27.696 Thread 0x0000013c899fc100 DEOPT UNPACKING pc=0x0000013ced43a1a3 sp=0x0000001b225faf40 mode 2
Event: 27.727 Thread 0x0000013c899fc100 Uncommon trap: trap_request=0xffffffc6 fr.pc=0x0000013cedea5a6c relative=0x00000000000002ec
Event: 27.727 Thread 0x0000013c899fc100 Uncommon trap: reason=bimorphic_or_optimized_type_check action=maybe_recompile pc=0x0000013cedea5a6c method=org.springframework.core.annotation.AnnotationsScanner.processClassHierarchy(Ljava/lang/Object;[ILjava/lang/Class;Lorg/springframework/core/annotat
Event: 27.727 Thread 0x0000013c899fc100 DEOPT PACKING pc=0x0000013cedea5a6c sp=0x0000001b225fa970
Event: 27.727 Thread 0x0000013c899fc100 DEOPT UNPACKING pc=0x0000013ced43a1a3 sp=0x0000001b225fa9d8 mode 2
Event: 27.756 Thread 0x0000013c899fc100 Uncommon trap: trap_request=0xfffffff4 fr.pc=0x0000013cedc19db0 relative=0x00000000000001f0
Event: 27.756 Thread 0x0000013c899fc100 Uncommon trap: reason=null_check action=make_not_entrant pc=0x0000013cedc19db0 method=org.springframework.core.annotation.AnnotationsScanner.isWithoutHierarchy(Ljava/lang/reflect/AnnotatedElement;Lorg/springframework/core/annotation/MergedAnnotations$Sear
Event: 27.756 Thread 0x0000013c899fc100 DEOPT PACKING pc=0x0000013cedc19db0 sp=0x0000001b225fa8a0
Event: 27.756 Thread 0x0000013c899fc100 DEOPT UNPACKING pc=0x0000013ced43a1a3 sp=0x0000001b225fa828 mode 2
Event: 27.787 Thread 0x0000013c899fc100 DEOPT PACKING pc=0x0000013ce6cd664f sp=0x0000001b225f9a70
Event: 27.787 Thread 0x0000013c899fc100 DEOPT UNPACKING pc=0x0000013ced43ace3 sp=0x0000001b225f8f38 mode 0
Event: 27.816 Thread 0x0000013c899fc100 Uncommon trap: trap_request=0xffffffc6 fr.pc=0x0000013cedc57b6c relative=0x000000000000038c
Event: 27.816 Thread 0x0000013c899fc100 Uncommon trap: reason=bimorphic_or_optimized_type_check action=maybe_recompile pc=0x0000013cedc57b6c method=java.util.HashMap.putVal(ILjava/lang/Object;Ljava/lang/Object;ZZ)Ljava/lang/Object; @ 253 c2
Event: 27.816 Thread 0x0000013c899fc100 DEOPT PACKING pc=0x0000013cedc57b6c sp=0x0000001b225fada0
Event: 27.816 Thread 0x0000013c899fc100 DEOPT UNPACKING pc=0x0000013ced43a1a3 sp=0x0000001b225fad30 mode 2

Classes unloaded (0 events):
No events

Classes redefined (0 events):
No events

Internal exceptions (20 events):
Event: 4.576 Thread 0x0000013cffcb03a0 Exception <a 'java/io/FileNotFoundException'{0x000000070863fbe0}> (0x000000070863fbe0) 
thrown [s\src\hotspot\share\prims\jni.cpp, line 517]
Event: 4.577 Thread 0x0000013cffcb03a0 Exception <a 'java/io/FileNotFoundException'{0x000000070864a8e8}> (0x000000070864a8e8) 
thrown [s\src\hotspot\share\prims\jni.cpp, line 517]
Event: 4.775 Thread 0x0000013cffcb03a0 Exception <a 'java/lang/IncompatibleClassChangeError'{0x000000070881dfa8}: Found class java.lang.Object, but interface was expected> (0x000000070881dfa8) 
thrown [s\src\hotspot\share\interpreter\linkResolver.cpp, line 838]
Event: 4.836 Thread 0x0000013cffcb03a0 Exception <a 'java/lang/NoSuchMethodError'{0x00000007087fe0a8}: 'java.lang.Object java.lang.invoke.DirectMethodHandle$Holder.invokeInterface(java.lang.Object, java.lang.Object, java.lang.Object, java.lang.Object)'> (0x00000007087fe0a8) 
thrown [s\src\hotspot\share\interpreter\linkResolver.cpp, line 771]
Event: 4.858 Thread 0x0000013cffcb03a0 Exception <a 'java/lang/NoSuchMethodError'{0x00000007152f7db0}: 'void java.lang.invoke.DirectMethodHandle$Holder.invokeVirtual(java.lang.Object, java.lang.Object, int)'> (0x00000007152f7db0) 
thrown [s\src\hotspot\share\interpreter\linkResolver.cpp, line 771]
Event: 4.859 Thread 0x0000013cffcb03a0 Exception <a 'java/lang/NoSuchMethodError'{0x00000007153127e0}: 'void java.lang.invoke.DirectMethodHandle$Holder.invokeVirtual(java.lang.Object, java.lang.Object, long)'> (0x00000007153127e0) 
thrown [s\src\hotspot\share\interpreter\linkResolver.cpp, line 771]
Event: 4.868 Thread 0x0000013cffcb03a0 Exception <a 'java/lang/NoSuchMethodError'{0x00000007153cdb30}: 'java.lang.Object java.lang.invoke.DirectMethodHandle$Holder.invokeSpecial(java.lang.Object, java.lang.Object, int, int, int, int)'> (0x00000007153cdb30) 
thrown [s\src\hotspot\share\interpreter\linkResolver.cpp, line 771]
Event: 5.034 Thread 0x0000013cffcb03a0 Exception <a 'java/lang/NoSuchMethodError'{0x000000070a295848}: 'java.lang.Object java.lang.invoke.DirectMethodHandle$Holder.newInvokeSpecial(java.lang.Object, java.lang.Object, int, java.lang.Object, java.lang.Object)'> (0x000000070a295848) 
thrown [s\src\hotspot\share\interpreter\linkResolver.cpp, line 771]
Event: 5.035 Thread 0x0000013cffcb03a0 Exception <a 'java/lang/NoSuchMethodError'{0x000000070a2a0bd8}: 'java.lang.Object java.lang.invoke.DirectMethodHandle$Holder.invokeSpecial(java.lang.Object, java.lang.Object, int, java.lang.Object, int, java.lang.Object)'> (0x000000070a2a0bd8) 
thrown [s\src\hotspot\share\interpreter\linkResolver.cpp, line 771]
Event: 5.035 Thread 0x0000013cffcb03a0 Exception <a 'java/lang/NoSuchMethodError'{0x000000070a2a8bf8}: 'java.lang.Object java.lang.invoke.DirectMethodHandle$Holder.newInvokeSpecial(java.lang.Object, java.lang.Object, int, java.lang.Object, int)'> (0x000000070a2a8bf8) 
thrown [s\src\hotspot\share\interpreter\linkResolver.cpp, line 771]
Event: 5.035 Thread 0x0000013cffcb03a0 Exception <a 'java/lang/NoSuchMethodError'{0x000000070a2accf8}: 'java.lang.Object java.lang.invoke.DirectMethodHandle$Holder.invokeSpecial(java.lang.Object, java.lang.Object, java.lang.Object, int, java.lang.Object, int)'> (0x000000070a2accf8) 
thrown [s\src\hotspot\share\interpreter\linkResolver.cpp, line 771]
Event: 26.703 Thread 0x0000013c89e8e020 Exception <a 'java/lang/NoSuchMethodError'{0x0000000709abde08}: 'java.lang.Object java.lang.invoke.DirectMethodHandle$Holder.invokeSpecial(java.lang.Object, java.lang.Object, java.lang.Object, java.lang.Object, java.lang.Object, long)'> (0x0000000709abde08) 
thrown [s\src\hotspot\share\interpreter\linkResolver.cpp, line 771]
Event: 26.703 Thread 0x0000013c89e8e020 Exception <a 'java/lang/NoSuchMethodError'{0x0000000709ac1848}: 'java.lang.Object java.lang.invoke.Invokers$Holder.linkToTargetMethod(java.lang.Object, java.lang.Object, java.lang.Object, long, java.lang.Object)'> (0x0000000709ac1848) 
thrown [s\src\hotspot\share\interpreter\linkResolver.cpp, line 771]
Event: 26.759 Thread 0x0000013c89e8e020 Exception <a 'java/lang/NoSuchMethodError'{0x00000007098d0ae0}: 'java.lang.Object java.lang.invoke.DirectMethodHandle$Holder.invokeStatic(java.lang.Object, int, int)'> (0x00000007098d0ae0) 
thrown [s\src\hotspot\share\interpreter\linkResolver.cpp, line 771]
Event: 27.243 Thread 0x0000013c899fc100 Implicit null exception at 0x0000013cedaee9cf to 0x0000013cedaeeb24
Event: 27.661 Thread 0x0000013c899fc100 Implicit null exception at 0x0000013cedd064e9 to 0x0000013cedd06a14
Event: 27.661 Thread 0x0000013c899fc100 Implicit null exception at 0x0000013cedd07783 to 0x0000013cedd07d90
Event: 27.661 Thread 0x0000013c899fc100 Implicit null exception at 0x0000013cedd08beb to 0x0000013cedd09148
Event: 27.662 Thread 0x0000013c899fc100 Implicit null exception at 0x0000013cedd0a4b2 to 0x0000013cedd0a8ec
Event: 27.756 Thread 0x0000013c899fc100 Implicit null exception at 0x0000013cedc19c08 to 0x0000013cedc19d9c

VM Operations (20 events):
Event: 27.125 Executing VM operation: HandshakeAllThreads
Event: 27.125 Executing VM operation: HandshakeAllThreads done
Event: 27.129 Executing VM operation: HandshakeAllThreads
Event: 27.129 Executing VM operation: HandshakeAllThreads done
Event: 27.143 Executing VM operation: HandshakeAllThreads
Event: 27.143 Executing VM operation: HandshakeAllThreads done
Event: 27.203 Executing VM operation: ICBufferFull
Event: 27.203 Executing VM operation: ICBufferFull done
Event: 27.318 Executing VM operation: G1CollectForAllocation
Event: 27.323 Executing VM operation: G1CollectForAllocation done
Event: 27.378 Executing VM operation: HandshakeAllThreads
Event: 27.378 Executing VM operation: HandshakeAllThreads done
Event: 27.419 Executing VM operation: HandshakeAllThreads
Event: 27.419 Executing VM operation: HandshakeAllThreads done
Event: 27.505 Executing VM operation: ICBufferFull
Event: 27.506 Executing VM operation: ICBufferFull done
Event: 27.747 Executing VM operation: ICBufferFull
Event: 27.748 Executing VM operation: ICBufferFull done
Event: 27.788 Executing VM operation: G1CollectForAllocation
Event: 27.795 Executing VM operation: G1CollectForAllocation done

Events (20 events):
Event: 27.318 Thread 0x0000013c899f9f50 Thread added: 0x0000013c899f9f50
Event: 27.318 Thread 0x0000013c899fadc0 Thread added: 0x0000013c899fadc0
Event: 27.318 Thread 0x0000013c89e906a0 Thread added: 0x0000013c89e906a0
Event: 27.318 Thread 0x0000013c8c040a60 Thread added: 0x0000013c8c040a60
Event: 27.350 loading class java/util/Collections$ReverseComparator2
Event: 27.350 loading class java/util/Collections$ReverseComparator2 done
Event: 27.355 loading class java/text/CharacterIterator
Event: 27.356 loading class java/text/CharacterIterator done
Event: 27.356 loading class java/text/StringCharacterIterator
Event: 27.356 loading class java/text/StringCharacterIterator done
Event: 27.398 loading class java/lang/package-info
Event: 27.398 loading class java/lang/package-info done
Event: 27.401 loading class java/util/concurrent/ConcurrentHashMap$KeySpliterator
Event: 27.401 loading class java/util/concurrent/ConcurrentHashMap$KeySpliterator done
Event: 27.445 loading class java/util/package-info
Event: 27.445 loading class java/util/package-info done
Event: 27.554 loading class java/util/stream/ReduceOps$4
Event: 27.554 loading class java/util/stream/ReduceOps$4 done
Event: 27.554 loading class java/util/stream/ReduceOps$4ReducingSink
Event: 27.554 loading class java/util/stream/ReduceOps$4ReducingSink done


Dynamic libraries:
0x00007ff6c4fb0000 - 0x00007ff6c4fba000 	C:\Users\hp\.jdks\jbr-17.0.7\bin\java.exe
0x00007ffcae0d0000 - 0x00007ffcae2e7000 	C:\WINDOWS\SYSTEM32\ntdll.dll
0x00007ffcacd60000 - 0x00007ffcace24000 	C:\WINDOWS\System32\KERNEL32.DLL
0x00007ffcab910000 - 0x00007ffcabcbd000 	C:\WINDOWS\System32\KERNELBASE.dll
0x00007ffcab3f0000 - 0x00007ffcab501000 	C:\WINDOWS\System32\ucrtbase.dll
0x00007ffc89bf0000 - 0x00007ffc89c07000 	C:\Users\hp\.jdks\jbr-17.0.7\bin\jli.dll
0x00007ffc89bd0000 - 0x00007ffc89beb000 	C:\Users\hp\.jdks\jbr-17.0.7\bin\VCRUNTIME140.dll
0x00007ffcad380000 - 0x00007ffcad52e000 	C:\WINDOWS\System32\USER32.dll
0x00007ffcab8e0000 - 0x00007ffcab906000 	C:\WINDOWS\System32\win32u.dll
0x00007ffc75b50000 - 0x00007ffc75de3000 	C:\WINDOWS\WinSxS\amd64_microsoft.windows.common-controls_6595b64144ccf1df_6.0.22621.3672_none_2713b9d173822955\COMCTL32.dll
0x00007ffcac240000 - 0x00007ffcac269000 	C:\WINDOWS\System32\GDI32.dll
0x00007ffcab700000 - 0x00007ffcab819000 	C:\WINDOWS\System32\gdi32full.dll
0x00007ffcac0c0000 - 0x00007ffcac167000 	C:\WINDOWS\System32\msvcrt.dll
0x00007ffcabd30000 - 0x00007ffcabdca000 	C:\WINDOWS\System32\msvcp_win.dll
0x00007ffcac1a0000 - 0x00007ffcac1d1000 	C:\WINDOWS\System32\IMM32.DLL
0x00007ffc96e10000 - 0x00007ffc96e1c000 	C:\Users\hp\.jdks\jbr-17.0.7\bin\vcruntime140_1.dll
0x00007ffc5ddc0000 - 0x00007ffc5de4d000 	C:\Users\hp\.jdks\jbr-17.0.7\bin\msvcp140.dll
0x00007ffc15680000 - 0x00007ffc16300000 	C:\Users\hp\.jdks\jbr-17.0.7\bin\server\jvm.dll
0x00007ffcac270000 - 0x00007ffcac322000 	C:\WINDOWS\System32\ADVAPI32.dll
0x00007ffcacc30000 - 0x00007ffcaccd9000 	C:\WINDOWS\System32\sechost.dll
0x00007ffcab3c0000 - 0x00007ffcab3e8000 	C:\WINDOWS\System32\bcrypt.dll
0x00007ffcace30000 - 0x00007ffcacf44000 	C:\WINDOWS\System32\RPCRT4.dll
0x00007ffc88d30000 - 0x00007ffc88d39000 	C:\WINDOWS\SYSTEM32\WSOCK32.dll
0x00007ffca1000000 - 0x00007ffca1034000 	C:\WINDOWS\SYSTEM32\WINMM.dll
0x00007ffca0c90000 - 0x00007ffca0c9a000 	C:\WINDOWS\SYSTEM32\VERSION.dll
0x00007ffcacce0000 - 0x00007ffcacd51000 	C:\WINDOWS\System32\WS2_32.dll
0x00007ffcaa3f0000 - 0x00007ffcaa408000 	C:\WINDOWS\SYSTEM32\kernel.appcore.dll
0x00007ffc96820000 - 0x00007ffc9682a000 	C:\Users\hp\.jdks\jbr-17.0.7\bin\jimage.dll
0x00007ffca8ce0000 - 0x00007ffca8f12000 	C:\WINDOWS\SYSTEM32\DBGHELP.DLL
0x00007ffcad6f0000 - 0x00007ffcada7d000 	C:\WINDOWS\System32\combase.dll
0x00007ffcabdd0000 - 0x00007ffcabea7000 	C:\WINDOWS\System32\OLEAUT32.dll
0x00007ffc9fcb0000 - 0x00007ffc9fce2000 	C:\WINDOWS\SYSTEM32\dbgcore.DLL
0x00007ffcab510000 - 0x00007ffcab58b000 	C:\WINDOWS\System32\bcryptPrimitives.dll
0x00007ffca1ae0000 - 0x00007ffca1aee000 	C:\Users\hp\.jdks\jbr-17.0.7\bin\instrument.dll
0x00007ffc85140000 - 0x00007ffc85165000 	C:\Users\hp\.jdks\jbr-17.0.7\bin\java.dll
0x00007ffc89b80000 - 0x00007ffc89b98000 	C:\Users\hp\.jdks\jbr-17.0.7\bin\zip.dll
0x00007ffc57aa0000 - 0x00007ffc57b77000 	C:\Users\hp\.jdks\jbr-17.0.7\bin\jsvml.dll
0x00007ffcac330000 - 0x00007ffcacb98000 	C:\WINDOWS\System32\SHELL32.dll
0x00007ffca9310000 - 0x00007ffca9c0e000 	C:\WINDOWS\SYSTEM32\windows.storage.dll
0x00007ffca91d0000 - 0x00007ffca930f000 	C:\WINDOWS\SYSTEM32\wintypes.dll
0x00007ffcacf50000 - 0x00007ffcad049000 	C:\WINDOWS\System32\SHCORE.dll
0x00007ffcabeb0000 - 0x00007ffcabf0e000 	C:\WINDOWS\System32\shlwapi.dll
0x00007ffcab2f0000 - 0x00007ffcab311000 	C:\WINDOWS\SYSTEM32\profapi.dll
0x00007ffc7e680000 - 0x00007ffc7e699000 	C:\Users\hp\.jdks\jbr-17.0.7\bin\net.dll
0x00007ffca4430000 - 0x00007ffca4566000 	C:\WINDOWS\SYSTEM32\WINHTTP.dll
0x00007ffcaa860000 - 0x00007ffcaa8c9000 	C:\WINDOWS\system32\mswsock.dll
0x00007ffc7e660000 - 0x00007ffc7e676000 	C:\Users\hp\.jdks\jbr-17.0.7\bin\nio.dll
0x00007ffc89c60000 - 0x00007ffc89c7a000 	C:\Program Files\JetBrains\IntelliJ IDEA Community Edition 2023.1.4\bin\breakgen64.dll
0x00007ffca3290000 - 0x00007ffca3299000 	C:\Users\hp\.jdks\jbr-17.0.7\bin\management.dll
0x00007ffca3230000 - 0x00007ffca323b000 	C:\Users\hp\.jdks\jbr-17.0.7\bin\management_ext.dll
0x00007ffcad370000 - 0x00007ffcad378000 	C:\WINDOWS\System32\PSAPI.DLL
0x00007ffc7e650000 - 0x00007ffc7e660000 	C:\Users\hp\.jdks\jbr-17.0.7\bin\verify.dll
0x00007ffcaaac0000 - 0x00007ffcaaadb000 	C:\WINDOWS\SYSTEM32\CRYPTSP.dll
0x00007ffcaa350000 - 0x00007ffcaa385000 	C:\WINDOWS\system32\rsaenh.dll
0x00007ffcaa960000 - 0x00007ffcaa988000 	C:\WINDOWS\SYSTEM32\USERENV.dll
0x00007ffcaaae0000 - 0x00007ffcaaaec000 	C:\WINDOWS\SYSTEM32\CRYPTBASE.dll
0x00007ffca9eb0000 - 0x00007ffca9edd000 	C:\WINDOWS\SYSTEM32\IPHLPAPI.DLL
0x00007ffcac170000 - 0x00007ffcac179000 	C:\WINDOWS\System32\NSI.dll
0x00007ffca4400000 - 0x00007ffca4419000 	C:\WINDOWS\SYSTEM32\dhcpcsvc6.DLL
0x00007ffca43e0000 - 0x00007ffca43ff000 	C:\WINDOWS\SYSTEM32\dhcpcsvc.DLL
0x00007ffca9ee0000 - 0x00007ffca9fd8000 	C:\WINDOWS\SYSTEM32\DNSAPI.dll
0x00007ffca1af0000 - 0x00007ffca1afe000 	C:\Users\hp\.jdks\jbr-17.0.7\bin\sunmscapi.dll
0x00007ffcab590000 - 0x00007ffcab6f7000 	C:\WINDOWS\System32\CRYPT32.dll
0x00007ffcaac80000 - 0x00007ffcaacae000 	C:\WINDOWS\SYSTEM32\ncrypt.dll
0x00007ffcaac40000 - 0x00007ffcaac77000 	C:\WINDOWS\SYSTEM32\NTASN1.dll
0x00007ffca4220000 - 0x00007ffca422a000 	C:\Windows\System32\rasadhlp.dll
0x00007ffca3a60000 - 0x00007ffca3ae3000 	C:\WINDOWS\System32\fwpuclnt.dll
0x00007ffc9b660000 - 0x00007ffc9b668000 	C:\WINDOWS\system32\wshunix.dll

dbghelp: loaded successfully - version: 4.0.5 - missing functions: none
symbol engine: initialized successfully - sym options: 0x614 - pdb path: .;C:\Users\hp\.jdks\jbr-17.0.7\bin;C:\WINDOWS\SYSTEM32;C:\WINDOWS\WinSxS\amd64_microsoft.windows.common-controls_6595b64144ccf1df_6.0.22621.3672_none_2713b9d173822955;C:\Users\hp\.jdks\jbr-17.0.7\bin\server;C:\Program Files\JetBrains\IntelliJ IDEA Community Edition 2023.1.4\bin

VM Arguments:
jvm_args: -javaagent:C:\Program Files\JetBrains\IntelliJ IDEA Community Edition 2023.1.4\lib\idea_rt.jar=55005:C:\Program Files\JetBrains\IntelliJ IDEA Community Edition 2023.1.4\bin -Dfile.encoding=UTF-8 
java_command: com.mef.estage.EstageApplication
java_class_path (initial): D:\PROJETS\eStage\Back end\target\classes;C:\Users\hp\.m2\repository\org\springframework\boot\spring-boot-starter-data-jpa\3.0.9\spring-boot-starter-data-jpa-3.0.9.jar;C:\Users\hp\.m2\repository\org\springframework\boot\spring-boot-starter-aop\3.0.9\spring-boot-starter-aop-3.0.9.jar;C:\Users\hp\.m2\repository\org\aspectj\aspectjweaver\1.9.19\aspectjweaver-1.9.19.jar;C:\Users\hp\.m2\repository\org\springframework\boot\spring-boot-starter-jdbc\3.0.9\spring-boot-starter-jdbc-3.0.9.jar;C:\Users\hp\.m2\repository\com\zaxxer\HikariCP\5.0.1\HikariCP-5.0.1.jar;C:\Users\hp\.m2\repository\org\springframework\spring-jdbc\6.0.11\spring-jdbc-6.0.11.jar;C:\Users\hp\.m2\repository\org\hibernate\orm\hibernate-core\6.1.7.Final\hibernate-core-6.1.7.Final.jar;C:\Users\hp\.m2\repository\jakarta\persistence\jakarta.persistence-api\3.1.0\jakarta.persistence-api-3.1.0.jar;C:\Users\hp\.m2\repository\jakarta\transaction\jakarta.transaction-api\2.0.1\jakarta.transaction-api-2.0.1.jar;C:\Users\hp\.m2\repository\org\jboss\logging\jboss-logging\3.5.3.Final\jboss-logging-3.5.3.Final.jar;C:\Users\hp\.m2\repository\org\jboss\jandex\2.4.2.Final\jandex-2.4.2.Final.jar;C:\Users\hp\.m2\repository\com\fasterxml\classmate\1.5.1\classmate-1.5.1.jar;C:\Users\hp\.m2\repository\net\bytebuddy\byte-buddy\1.12.23\byte-buddy-1.12.23.jar;C:\Users\hp\.m2\repository\org\glassfish\jaxb\jaxb-runtime\4.0.3\jaxb-runtime-4.0.3.jar;C:\Users\hp\.m2\repository\org\glassfish\jaxb\jaxb-core\4.0.3\jaxb-core-4.0.3.jar;C:\Users\hp\.m2\repository\org\glassfish\jaxb\txw2\4.0.3\txw2-4.0.3.jar;C:\Users\hp\.m2\repository\com\sun\istack\istack-commons-runtime\4.1.2\istack-commons-runtime-4.1.2.jar;C:\Users\hp\.m2\repository\jakarta\inject\jakarta.inject-api\2.0.0\jakarta.inject-api-2.0.0.jar;C:\Users\hp\.m2\repository\org\antlr\antlr4-runtime\4.10.1\antlr4-runtime-4.10.1.jar;C:\Users\hp\.m2\repository\org\springframework\data\spring-data-jpa\3.0.8\spring-data-jpa-3.0.8.jar;C:\Users\hp\.m2\repository\org\
Launcher Type: SUN_STANDARD

[Global flags]
     intx CICompilerCount                          = 4                                         {product} {ergonomic}
     uint ConcGCThreads                            = 2                                         {product} {ergonomic}
     uint G1ConcRefinementThreads                  = 8                                         {product} {ergonomic}
   size_t G1HeapRegionSize                         = 2097152                                   {product} {ergonomic}
    uintx GCDrainStackTargetSize                   = 64                                        {product} {ergonomic}
   size_t InitialHeapSize                          = 264241152                                 {product} {ergonomic}
   size_t MarkStackSize                            = 4194304                                   {product} {ergonomic}
   size_t MaxHeapSize                              = 4202692608                                {product} {ergonomic}
   size_t MaxNewSize                               = 2520776704                                {product} {ergonomic}
   size_t MinHeapDeltaBytes                        = 2097152                                   {product} {ergonomic}
   size_t MinHeapSize                              = 8388608                                   {product} {ergonomic}
    uintx NonNMethodCodeHeapSize                   = 5839372                                {pd product} {ergonomic}
    uintx NonProfiledCodeHeapSize                  = 122909434                              {pd product} {ergonomic}
    uintx ProfiledCodeHeapSize                     = 122909434                              {pd product} {ergonomic}
    uintx ReservedCodeCacheSize                    = 251658240                              {pd product} {ergonomic}
     bool SegmentedCodeCache                       = true                                      {product} {ergonomic}
   size_t SoftMaxHeapSize                          = 4202692608                             {manageable} {ergonomic}
     bool UseCompressedClassPointers               = true                           {product lp64_product} {ergonomic}
     bool UseCompressedOops                        = true                           {product lp64_product} {ergonomic}
     bool UseG1GC                                  = true                                      {product} {ergonomic}
     bool UseLargePagesIndividualAllocation        = false                                  {pd product} {ergonomic}

Logging:
Log output configuration:
 #0: stdout all=warning uptime,level,tags
 #1: stderr all=off uptime,level,tags

Environment Variables:
JAVA_HOME=C:\Program Files\Java\jdk-17
PATH=C:\app\hp\product\11.2.0\dbhome_1\bin;C:\Program Files\Common Files\Oracle\Java\javapath;C:\Program Files (x86)\Common Files\Oracle\Java\java8path;C:\Program Files (x86)\Common Files\Oracle\Java\javapath;C:\WINDOWS\system32;C:\WINDOWS;C:\WINDOWS\System32\Wbem;C:\WINDOWS\System32\WindowsPowerShell\v1.0\;C:\WINDOWS\System32\OpenSSH\;C:\apache-maven-3.5.0\bin;C:\Users\hp\AppData\Local\Programs\Python\Python312;C:\Users\hp\AppData\Local\Programs\Python\Python312\Scripts;C:\Program Files\dotnet\;C:\Users\hp\Desktop\Birt\apache-tomcat-10.1.20-windows-x64.zip\apache-tomcat-10.1.20\bin;C:\Users\hp\Desktop\Rapport\jasperstarter\bin;C:\Program Files\Java\jdk-11.0.14;C:\Program Files\nodejs\;C:\Program Files (x86)\PuTTY\;C:\Program Files\Docker\Docker\resources\bin;C:\Program Files\Git\cmd;C:\Users\hp\AppData\Local\Programs\Python\Launcher\;C:\Users\hp\scoop\shims;C:\Users\hp\AppData\Local\Microsoft\WindowsApps;C:\Users\hp\AppData\Local\Programs\Microsoft VS Code\bin;C:\Users\hp\AppData\Roaming\npm
USERNAME=hp
OS=Windows_NT
PROCESSOR_IDENTIFIER=Intel64 Family 6 Model 140 Stepping 2, GenuineIntel
TMP=C:\Users\hp\AppData\Local\Temp
TEMP=C:\Users\hp\AppData\Local\Temp


JNI global refs:
JNI global refs: 19, weak refs: 0

JNI global refs memory usage: 843, weak refs: 841

OOME stack traces (most recent first):
Classloader memory used:
Loader jdk.internal.loader.ClassLoaders$AppClassLoader                                 : 7943K
Loader bootstrap                                                                       : 2517K
Loader org.springframework.boot.devtools.restart.classloader.RestartClassLoader        : 101K
Loader jdk.internal.loader.ClassLoaders$PlatformClassLoader                            : 61240B
Loader jdk.internal.reflect.DelegatingClassLoader                                      : 49146B
Loader net.bytebuddy.utility.dispatcher.JavaDispatcher$DynamicClassLoader              : 283B

Classes loaded by more than one classloader:
Class com.mef.estage.EstageApplication                                                : loaded 2 times (x 69B)


---------------  S Y S T E M  ---------------

OS:
 Windows 11 , 64 bit Build 22621 (10.0.22621.3958)
OS uptime: 3 days 4:50 hours

CPU: total 8 (initial active 8) (4 cores per cpu, 2 threads per core) family 6 model 140 stepping 2 microcode 0x34, cx8, cmov, fxsr, ht, mmx, 3dnowpref, sse, sse2, sse3, ssse3, sse4.1, sse4.2, popcnt, lzcnt, tsc, tscinvbit, avx, avx2, aes, erms, clmul, bmi1, bmi2, adx, avx512f, avx512dq, avx512cd, avx512bw, avx512vl, sha, fma, vzeroupper, avx512_vpopcntdq, avx512_vpclmulqdq, avx512_vaes, avx512_vnni, clflush, clflushopt, clwb, avx512_vbmi2, avx512_vbmi

Memory: 4k page, system-wide physical 16026M (3847M free)
TotalPageFile size 18074M (AvailPageFile size 0M)
current process WorkingSet (physical memory assigned to process): 361M, peak: 366M
current process commit charge ("private bytes"): 399M, peak: 404M

vm_info: OpenJDK 64-Bit Server VM (17.0.7+7-b1000.6) for windows-amd64 JRE (17.0.7+7-b1000.6), built on 2023-07-07 by "builduser" with MS VC++ 16.10 / 16.11 (VS2019)

END.
